[C:/Мои Web Сайты/Fragment HWQB/fragment.com/username/hwqb.html]
[C:/Мои Web Сайты/Fragment HWQB/backblue.gif]
[C:/Мои Web Сайты/Fragment HWQB/fade.gif]
[C:/Мои Web Сайты/Fragment HWQB/index.html]
[C:/Мои Web Сайты/Fragment HWQB/fragment.com/username/hwqb.html]
[C:/Мои Web Сайты/Fragment HWQB/fragment.com/css/font-robotoc4ca.css]
[C:/Мои Web Сайты/Fragment HWQB/fragment.com/css/font-robotoc4ca.css]
[C:/Мои Web Сайты/Fragment HWQB/fragment.com/css/bootstrap.mineccb.css]
[C:/Мои Web Сайты/Fragment HWQB/fragment.com/js/jquery.minc4ca.js]
[C:/Мои Web Сайты/Fragment HWQB/fragment.com/css/bootstrap-extrac81e.css]
[C:/Мои Web Сайты/Fragment HWQB/fragment.com/js/main-aj7cbb.js]
[C:/Мои Web Сайты/Fragment HWQB/fragment.com/js/bootstrap.min.js]
[C:/Мои Web Сайты/Fragment HWQB/fragment.com/css/auctiond1fe.css]
[C:/Мои Web Сайты/Fragment HWQB/fragment.com/js/jquery-ex98f1.js]
[C:/Мои Web Сайты/Fragment HWQB/fragment.com/js/qr-code-stylingc4ca.js]
[C:/Мои Web Сайты/Fragment HWQB/telegram.org/js/telegram-widgetb6d7.js]
[C:/Мои Web Сайты/Fragment HWQB/fragment.com/js/auctionfe9f.js]
[C:/Мои Web Сайты/Fragment HWQB/fragment.com/js/tonconnect-ui.min1679.js]
[C:/Мои Web Сайты/Fragment HWQB/fragment.com/js/tgstickerc16a.js]
